// Jest Snapshot v1, https://goo.gl/fbAQLP

exports[`App start renders correctly 1`] = `
<div
  className="page-default"
  onClick={[Function]}
>
  <div
    className="header"
  >
    <div
      className="logo"
      onClick={[Function]}
    >
      huashengdong.com
    </div>
    <div
      className="tips"
    >
      <div
        className="chart"
        onClick={[Function]}
      >
        <img
          alt="chart"
          src="chart.png"
        />
      </div>
      <div
        className="github"
        onClick={[Function]}
      >
        <img
          alt="h357650113 github"
          src="github.png"
        />
      </div>
      <div
        className="email"
        onClick={[Function]}
      >
        <img
          alt="察纳雅言"
          src="email.png"
        />
        <div
          className="text"
        >
          Email
        </div>
      </div>
    </div>
    <div
      className="card"
      onClick={[Function]}
      style={
        Object {
          "display": "none",
        }
      }
    >
      <div
        className="light"
      />
      <div
        className="wrap"
        style={
          Object {
            "display": "flex",
          }
        }
      >
        <img
          alt=""
          src="qr_weixin.png"
        />
        <div
          className="info"
        >
          <div
            onClick={[Function]}
          >
            357650113@qq.com
             
            <img
              alt=""
              src="copy.png"
              style={
                Object {
                  "cursor": "pointer",
                }
              }
            />
          </div>
          <div>
            <img
              alt=""
              src="weixin.png"
            />
             huashengdong
          </div>
        </div>
      </div>
    </div>
  </div>
  <div
    className="search-bar"
  >
    <div
      className="search"
    >
      <img
        alt=""
        src="search.png"
      />
      <input
        onKeyDown={[Function]}
        placeholder="SEARCH"
      />
    </div>
  </div>
  <div
    className="content"
  >
    <div
      className="categories"
    >
      <div
        className="top"
      >
        <h1>
          Categories
        </h1>
        <div
          className="tools"
        >
          <span
            className="action"
            onClick={[Function]}
          >
            ALL
          </span>
        </div>
      </div>
      <div
        className="tags-wrap"
      >
        Loading...
      </div>
    </div>
    <div
      className="filter-wrap filter-wrap-fold"
      onClick={[Function]}
    >
      <div
        className="filter"
      >
        <div
          className="type"
        >
          <div
            className="type-filter"
          >
            <div
              className="icon-wrap"
              onClick={[Function]}
            >
              <img
                alt=""
                src="date-line.png"
              />
            </div>
            <span>
              DATE
            </span>
          </div>
        </div>
        <div
          className="sort"
        >
          <select
            onChange={[Function]}
          >
            <option
              value="up"
            >
              recently
            </option>
            <option
              value="down"
            >
              previously 
            </option>
          </select>
        </div>
      </div>
    </div>
    <div
      className="albums-wrap"
    >
      Not Found
    </div>
    <div
      className="tips"
    />
  </div>
  <div
    className="footer"
  >
    <div
      className="dependence"
    >
      <h1>
        Dependence
      </h1>
      <div
        className="wrap"
      >
        <div
          className="item"
          onClick={[Function]}
        >
          <div
            className="min-header"
          >
            <div
              className="dot"
            />
            <div
              className="dot"
            />
            <div
              className="dot"
            />
          </div>
          <div
            className="pic"
          >
            <img
              alt=""
              src="https://hellogen.oss-cn-beijing.aliyuncs.com/blog/images/screencapture-zh-hans-reactjs-org-2022-09-01-17_14_33.jpg"
            />
          </div>
        </div>
        <div
          className="item"
          onClick={[Function]}
        >
          <div
            className="min-header"
          >
            <div
              className="dot"
            />
            <div
              className="dot"
            />
            <div
              className="dot"
            />
          </div>
          <div
            className="pic"
          >
            <img
              alt=""
              src="https://hellogen.oss-cn-beijing.aliyuncs.com/www/screencapture-reactrouter-en-v6-3-0-guides-ssr-2022-09-01-17_19_25.jpg"
            />
          </div>
        </div>
        <div
          className="item"
          onClick={[Function]}
        >
          <div
            className="min-header"
          >
            <div
              className="dot"
            />
            <div
              className="dot"
            />
            <div
              className="dot"
            />
          </div>
          <div
            className="pic"
          >
            <img
              alt=""
              src="https://hellogen.oss-cn-beijing.aliyuncs.com/blog/images/screencapture-recharts-org-en-US-2022-09-01-16_19_58.png"
            />
          </div>
        </div>
      </div>
    </div>
    <div
      className="copyright"
    >
      <div
        className="info"
      >
        <p>
          copyright@2022 www.huashengdong.com
        </p>
        <p>
          Email: 357650113@qq.com
        </p>
        <p>
          ICP证: 冀ICP备17036318号
        </p>
        <p>
          河北网安备案：13030202002503号
        </p>
      </div>
    </div>
  </div>
</div>
`;
